2026-09-13 09:17:27,682 | INFO | Connected to database 'db_bank'
2026-09-13 09:18:01,627 | INFO | Schema created/verified
2026-09-13 09:22:28,341 | INFO | Sample data seeded
2026-09-13 09:25:40,119 | INFO | Connection closed
2026-09-13 09:25:40,198 | INFO | Connected to database 'db_bank'
2026-09-13 09:26:25,666 | INFO | Schema created/verified
2026-09-13 09:26:35,424 | INFO | Sample data seeded
2026-09-13 09:27:22,098 | INFO | Connection closed
2026-09-13 09:27:22,099 | WARNING | Attempt 1/3 failed for seed_sample_data: connection already closed
2026-09-13 09:27:23,101 | WARNING | Attempt 2/3 failed for seed_sample_data: connection already closed
2026-09-13 09:27:24,102 | WARNING | Attempt 3/3 failed for seed_sample_data: connection already closed
2026-09-13 09:27:24,102 | ERROR | Max retries (3) reached for seed_sample_data. Giving up.
2026-09-13 09:27:24,140 | INFO | Connected to database 'db_bank'
2026-09-13 09:32:38,954 | INFO | Sample data seeded
2026-09-13 09:33:42,147 | INFO | Extracted 5 transaction rows
2026-09-13 09:33:47,845 | INFO | Extracted 6 loan rows
2026-09-13 09:33:55,992 | INFO | Transformed loan data for 3 customers
2026-09-13 09:33:55,992 | INFO | Transformed data for 3 customers
2026-09-13 09:43:47,762 | INFO | Loaded/updated 3 summary rows
2026-09-13 09:43:55,109 | INFO | Verification: source=3 summary=3
